[2025-12-01T08:01:04.571Z] ━━━━━━━━━━━━━━━━━━━━━━━━━━━━━━━━━━━━━━━━━━━━━━━━━━━━━━━━━━━━━━━━━━━━━━━━━━━━━━
[2025-12-01T08:01:04.587Z] 🔍 АВТОМАТИЧЕСКАЯ ПРОВЕРКА СТАТУСА ДЕПЛОЯ
[2025-12-01T08:01:04.588Z] ━━━━━━━━━━━━━━━━━━━━━━━━━━━━━━━━━━━━━━━━━━━━━━━━━━━━━━━━━━━━━━━━━━━━━━━━━━━━━━
[2025-12-01T08:01:04.588Z] 
[2025-12-01T08:01:05.058Z] 📝 ПОСЛЕДНИЙ КОММИТ:
[2025-12-01T08:01:05.058Z]    Hash: 29b056f0
[2025-12-01T08:01:05.059Z]    Сообщение: Fix: handle keywords object structure in keyword-intelligence stage
[2025-12-01T08:01:05.059Z]    Время: 3 minutes ago
[2025-12-01T08:01:05.059Z] 
[2025-12-01T08:01:08.615Z] 🌐 СИНХРОНИЗАЦИЯ: ⚠️  Есть различия между локальной и remote веткой
[2025-12-01T08:01:08.617Z] 
[2025-12-01T08:01:08.704Z] ✅ Найдено 10 исправлений в последних коммитах
[2025-12-01T08:01:08.704Z] 🔍 АНАЛИЗ ИСПРАВЛЕНИЙ:
[2025-12-01T08:01:08.705Z]    ✅ jsdom: Исправления jsdom применены - fallback механизмы должны работать
[2025-12-01T08:01:08.705Z]    ✅ missing-method: Исправления отсутствующих методов применены
[2025-12-01T08:01:08.705Z]    ✅ keywords-structure: Исправления структуры keywords применены
[2025-12-01T08:01:08.705Z] 
[2025-12-01T08:01:08.705Z] 📦 КРИТИЧЕСКИЕ ФАЙЛЫ: ✅ Все файлы на месте
[2025-12-01T08:01:08.705Z] 
[2025-12-01T08:01:08.705Z] 📋 РЕКОМЕНДАЦИИ:
[2025-12-01T08:01:08.705Z]    1. Проверьте Vercel Dashboard: https://vercel.com/dashboard
[2025-12-01T08:01:08.706Z]    2. Найдите деплой с коммитом: 29b056f0
[2025-12-01T08:01:08.706Z]    3. Проверьте Build Logs на наличие ошибок
[2025-12-01T08:01:08.706Z]    4. Убедитесь, что деплой завершился успешно
[2025-12-01T08:01:08.707Z] 
[2025-12-01T08:01:08.708Z] ━━━━━━━━━━━━━━━━━━━━━━━━━━━━━━━━━━━━━━━━━━━━━━━━━━━━━━━━━━━━━━━━━━━━━━━━━━━━━━
[2025-12-01T08:01:08.708Z] ⚠️  СТАТУС: Обнаружены проблемы, требующие внимания
[2025-12-01T08:02:42.702Z] ━━━━━━━━━━━━━━━━━━━━━━━━━━━━━━━━━━━━━━━━━━━━━━━━━━━━━━━━━━━━━━━━━━━━━━━━━━━━━━
[2025-12-01T08:02:42.718Z] 🔍 АВТОМАТИЧЕСКАЯ ПРОВЕРКА СТАТУСА ДЕПЛОЯ
[2025-12-01T08:02:42.718Z] ━━━━━━━━━━━━━━━━━━━━━━━━━━━━━━━━━━━━━━━━━━━━━━━━━━━━━━━━━━━━━━━━━━━━━━━━━━━━━━
[2025-12-01T08:02:42.718Z] 
[2025-12-01T08:02:43.095Z] 📝 ПОСЛЕДНИЙ КОММИТ:
[2025-12-01T08:02:43.096Z]    Hash: 29b056f0
[2025-12-01T08:02:43.096Z]    Сообщение: Fix: handle keywords object structure in keyword-intelligence stage
[2025-12-01T08:02:43.096Z]    Время: 4 minutes ago
[2025-12-01T08:02:43.097Z] 
[2025-12-01T08:02:46.680Z] 🌐 СИНХРОНИЗАЦИЯ: ⚠️  Есть различия между локальной и remote веткой
[2025-12-01T08:02:46.682Z] 
[2025-12-01T08:02:46.768Z] ✅ Найдено 10 исправлений в последних коммитах
[2025-12-01T08:02:46.769Z] 🔍 АНАЛИЗ ИСПРАВЛЕНИЙ:
[2025-12-01T08:02:46.769Z]    ✅ jsdom: Исправления jsdom применены - fallback механизмы должны работать
[2025-12-01T08:02:46.769Z]    ✅ missing-method: Исправления отсутствующих методов применены
[2025-12-01T08:02:46.769Z]    ✅ keywords-structure: Исправления структуры keywords применены
[2025-12-01T08:02:46.769Z] 
[2025-12-01T08:02:46.770Z] 📦 КРИТИЧЕСКИЕ ФАЙЛЫ: ✅ Все файлы на месте
[2025-12-01T08:02:46.770Z] 
[2025-12-01T08:02:46.770Z] 📋 РЕКОМЕНДАЦИИ:
[2025-12-01T08:02:46.770Z]    1. Проверьте Vercel Dashboard: https://vercel.com/dashboard
[2025-12-01T08:02:46.770Z]    2. Найдите деплой с коммитом: 29b056f0
[2025-12-01T08:02:46.770Z]    3. Проверьте Build Logs на наличие ошибок
[2025-12-01T08:02:46.771Z]    4. Убедитесь, что деплой завершился успешно
[2025-12-01T08:02:46.771Z] 
[2025-12-01T08:02:46.771Z] ━━━━━━━━━━━━━━━━━━━━━━━━━━━━━━━━━━━━━━━━━━━━━━━━━━━━━━━━━━━━━━━━━━━━━━━━━━━━━━
[2025-12-01T08:02:46.771Z] ⚠️  СТАТУС: Обнаружены проблемы, требующие внимания
[2025-12-01T08:05:42.504Z] ━━━━━━━━━━━━━━━━━━━━━━━━━━━━━━━━━━━━━━━━━━━━━━━━━━━━━━━━━━━━━━━━━━━━━━━━━━━━━━
[2025-12-01T08:05:42.520Z] 🔍 АВТОМАТИЧЕСКАЯ ПРОВЕРКА СТАТУСА ДЕПЛОЯ
[2025-12-01T08:05:42.520Z] ━━━━━━━━━━━━━━━━━━━━━━━━━━━━━━━━━━━━━━━━━━━━━━━━━━━━━━━━━━━━━━━━━━━━━━━━━━━━━━
[2025-12-01T08:05:42.521Z] 
[2025-12-01T08:05:42.874Z] 📝 ПОСЛЕДНИЙ КОММИТ:
[2025-12-01T08:05:42.875Z]    Hash: 29b056f0
[2025-12-01T08:05:42.875Z]    Сообщение: Fix: handle keywords object structure in keyword-intelligence stage
[2025-12-01T08:05:42.876Z]    Время: 7 minutes ago
[2025-12-01T08:05:42.876Z] 
[2025-12-01T08:05:46.005Z] 🌐 СИНХРОНИЗАЦИЯ: ⚠️  Есть различия между локальной и remote веткой
[2025-12-01T08:05:46.007Z] 
[2025-12-01T08:05:46.098Z] ✅ Найдено 10 исправлений в последних коммитах
[2025-12-01T08:05:46.098Z] 🔍 АНАЛИЗ ИСПРАВЛЕНИЙ:
[2025-12-01T08:05:46.098Z]    ✅ jsdom: Исправления jsdom применены - fallback механизмы должны работать
[2025-12-01T08:05:46.098Z]    ✅ missing-method: Исправления отсутствующих методов применены
[2025-12-01T08:05:46.098Z]    ✅ keywords-structure: Исправления структуры keywords применены
[2025-12-01T08:05:46.099Z] 
[2025-12-01T08:05:46.099Z] 📦 КРИТИЧЕСКИЕ ФАЙЛЫ: ✅ Все файлы на месте
[2025-12-01T08:05:46.099Z] 
[2025-12-01T08:05:46.099Z] 📋 РЕКОМЕНДАЦИИ:
[2025-12-01T08:05:46.099Z]    1. Проверьте Vercel Dashboard: https://vercel.com/dashboard
[2025-12-01T08:05:46.099Z]    2. Найдите деплой с коммитом: 29b056f0
[2025-12-01T08:05:46.100Z]    3. Проверьте Build Logs на наличие ошибок
[2025-12-01T08:05:46.100Z]    4. Убедитесь, что деплой завершился успешно
[2025-12-01T08:05:46.100Z] 
[2025-12-01T08:05:46.100Z] ━━━━━━━━━━━━━━━━━━━━━━━━━━━━━━━━━━━━━━━━━━━━━━━━━━━━━━━━━━━━━━━━━━━━━━━━━━━━━━
[2025-12-01T08:05:46.100Z] ⚠️  СТАТУС: Обнаружены проблемы, требующие внимания
