{"vin":"TEST123","stage":"stage1","severity":"MAJOR","fatal_count":0,"major_count":0,"minor_count":0,"wordcount":38766,"rules_fired":[],"weak_blocks":[],"ts":"2025-12-04T18:41:09.949Z"}
{"vin":"1HGPTANX0ML861262","stage":"stage1","severity":"MAJOR","fatal_count":0,"major_count":0,"minor_count":0,"wordcount":45934,"rules_fired":[],"weak_blocks":[],"ts":"2025-12-04T18:42:32.133Z"}
{"vin":"1HGPTANX0ML861262","stage":"stage1_regen","severity":"FATAL","fatal_count":0,"major_count":0,"minor_count":0,"wordcount":36257,"rules_fired":[],"weak_blocks":[],"ts":"2025-12-04T18:43:45.269Z"}
{"vin":"1HG62AEJ3PG985291","stage":"stage1","severity":"MAJOR","fatal_count":0,"major_count":0,"minor_count":0,"wordcount":52140,"rules_fired":[],"weak_blocks":[],"ts":"2025-12-04T18:44:12.344Z"}
{"vin":"1HG62AEJ3PG985291","stage":"stage1_regen","severity":"MAJOR","fatal_count":0,"major_count":0,"minor_count":0,"wordcount":42975,"rules_fired":[],"weak_blocks":[],"ts":"2025-12-04T18:45:02.683Z"}
{"vin":"1D7J87MA7FE317453","stage":"stage1","severity":"MAJOR","fatal_count":0,"major_count":0,"minor_count":0,"wordcount":33267,"rules_fired":[],"weak_blocks":[],"ts":"2025-12-04T18:46:27.170Z"}
{"vin":"1D7J87MA7FE317453","stage":"stage1_regen","severity":"MAJOR","fatal_count":0,"major_count":0,"minor_count":0,"wordcount":47460,"rules_fired":[],"weak_blocks":[],"ts":"2025-12-04T18:47:27.347Z"}
{"vin":"5XX8HTAJ2GZ975372","stage":"stage1","severity":"MAJOR","fatal_count":0,"major_count":0,"minor_count":0,"wordcount":37688,"rules_fired":[],"weak_blocks":[],"ts":"2025-12-04T18:48:34.968Z"}
{"vin":"5XX8HTAJ2GZ975372","stage":"stage1_regen","severity":"MAJOR","fatal_count":0,"major_count":0,"minor_count":0,"wordcount":44842,"rules_fired":[],"weak_blocks":[],"ts":"2025-12-04T18:50:30.723Z"}
{"vin":"1HGDNP5P3H3241149","stage":"stage1","severity":"MAJOR","fatal_count":0,"major_count":0,"minor_count":0,"wordcount":41171,"rules_fired":[],"weak_blocks":[],"ts":"2025-12-04T18:51:42.218Z"}
{"vin":"1HGDNP5P3H3241149","stage":"stage1_regen","severity":"MAJOR","fatal_count":0,"major_count":0,"minor_count":0,"wordcount":42081,"rules_fired":[],"weak_blocks":[],"ts":"2025-12-04T18:52:56.277Z"}
{"vin":"1HGPTANX0ML861262","stage":"stage1","severity":"MAJOR","fatal_count":0,"major_count":0,"minor_count":0,"wordcount":45934,"rules_fired":[],"weak_blocks":[],"ts":"2025-12-04T19:00:44.254Z"}
{"vin":"1HGPTANX0ML861262","stage":"stage1_regen","severity":"FATAL","fatal_count":0,"major_count":0,"minor_count":0,"wordcount":36257,"rules_fired":[],"weak_blocks":[],"ts":"2025-12-04T19:01:57.506Z"}
{"vin":"1HG62AEJ3PG985291","stage":"stage1","severity":"MAJOR","fatal_count":0,"major_count":0,"minor_count":0,"wordcount":52140,"rules_fired":[],"weak_blocks":[],"ts":"2025-12-04T19:03:18.877Z"}
{"vin":"1HG62AEJ3PG985291","stage":"stage1_regen","severity":"MAJOR","fatal_count":0,"major_count":0,"minor_count":0,"wordcount":42975,"rules_fired":[],"weak_blocks":[],"ts":"2025-12-04T19:04:31.366Z"}
{"vin":"1D7J87MA7FE317453","stage":"stage1","severity":"MAJOR","fatal_count":0,"major_count":0,"minor_count":0,"wordcount":33267,"rules_fired":[],"weak_blocks":[],"ts":"2025-12-04T19:05:48.895Z"}
{"vin":"1D7J87MA7FE317453","stage":"stage1_regen","severity":"MAJOR","fatal_count":0,"major_count":0,"minor_count":0,"wordcount":47460,"rules_fired":[],"weak_blocks":[],"ts":"2025-12-04T19:07:12.650Z"}
{"vin":"5XX8HTAJ2GZ975372","stage":"stage1","severity":"MAJOR","fatal_count":0,"major_count":0,"minor_count":0,"wordcount":37688,"rules_fired":[],"weak_blocks":[],"ts":"2025-12-04T19:08:34.719Z"}
{"vin":"5XX8HTAJ2GZ975372","stage":"stage1_regen","severity":"MAJOR","fatal_count":0,"major_count":0,"minor_count":0,"wordcount":44842,"rules_fired":[],"weak_blocks":[],"ts":"2025-12-04T19:10:22.848Z"}
{"vin":"1HGDNP5P3H3241149","stage":"stage1","severity":"MAJOR","fatal_count":0,"major_count":0,"minor_count":0,"wordcount":41171,"rules_fired":[],"weak_blocks":[],"ts":"2025-12-04T19:11:51.523Z"}
{"vin":"1HGDNP5P3H3241149","stage":"stage1_regen","severity":"MAJOR","fatal_count":0,"major_count":0,"minor_count":0,"wordcount":42081,"rules_fired":[],"weak_blocks":[],"ts":"2025-12-04T19:13:26.469Z"}
{"vin":"1HGPTANX0ML861262","stage":"stage1","severity":"MAJOR","fatal_count":0,"major_count":0,"minor_count":0,"wordcount":45934,"rules_fired":[],"weak_blocks":[],"ts":"2025-12-04T19:27:58.774Z"}
{"vin":"1HGPTANX0ML861262","stage":"stage1_regen","severity":"FATAL","fatal_count":0,"major_count":0,"minor_count":0,"wordcount":36257,"rules_fired":[],"weak_blocks":[],"ts":"2025-12-04T19:29:29.985Z"}
{"vin":"1HG62AEJ3PG985291","stage":"stage1","severity":"MAJOR","fatal_count":0,"major_count":0,"minor_count":0,"wordcount":52140,"rules_fired":[],"weak_blocks":[],"ts":"2025-12-04T19:31:07.451Z"}
{"vin":"1HG62AEJ3PG985291","stage":"stage1_regen","severity":"MAJOR","fatal_count":0,"major_count":0,"minor_count":0,"wordcount":42975,"rules_fired":[],"weak_blocks":[],"ts":"2025-12-04T19:32:29.447Z"}
{"vin":"1D7J87MA7FE317453","stage":"stage1","severity":"MAJOR","fatal_count":0,"major_count":0,"minor_count":0,"wordcount":33267,"rules_fired":[],"weak_blocks":[],"ts":"2025-12-04T19:33:59.876Z"}
{"vin":"1D7J87MA7FE317453","stage":"stage1_regen","severity":"MAJOR","fatal_count":0,"major_count":0,"minor_count":0,"wordcount":47460,"rules_fired":[],"weak_blocks":[],"ts":"2025-12-04T19:35:27.678Z"}
{"vin":"5XX8HTAJ2GZ975372","stage":"stage1","severity":"MAJOR","fatal_count":0,"major_count":0,"minor_count":0,"wordcount":37688,"rules_fired":[],"weak_blocks":[],"ts":"2025-12-04T19:36:28.025Z"}
{"vin":"5XX8HTAJ2GZ975372","stage":"stage1_regen","severity":"MAJOR","fatal_count":0,"major_count":0,"minor_count":0,"wordcount":44842,"rules_fired":[],"weak_blocks":[],"ts":"2025-12-04T19:38:00.056Z"}
{"vin":"1HGDNP5P3H3241149","stage":"stage1","severity":"MAJOR","fatal_count":0,"major_count":0,"minor_count":0,"wordcount":41171,"rules_fired":[],"weak_blocks":[],"ts":"2025-12-04T19:39:25.047Z"}
{"vin":"1HGDNP5P3H3241149","stage":"stage1_regen","severity":"MAJOR","fatal_count":0,"major_count":0,"minor_count":0,"wordcount":42081,"rules_fired":[],"weak_blocks":[],"ts":"2025-12-04T19:40:52.545Z"}
